// Jest Snapshot v1, https://goo.gl/fbAQLP

exports[`MainPage is loading 1`] = `
<DocumentFragment>
  <div>
    <nav
      class="navbar navbar-dark bg-primary justify-content-start"
    >
      <span
        class="navbar-brand mb-0 h1"
      >
        UserList
      </span>
      <div
        class="navbar-nav"
      >
        <a
          class="nav-item nav-link active"
          href="/"
        >
          Home
        </a>
      </div>
    </nav>
    <nav
      aria-label="breadcrumb"
    >
      <ol
        class="breadcrumb"
      >
        <li
          class="breadcrumb-item"
        >
          <a
            href="/"
          >
            Home
          </a>
        </li>
      </ol>
    </nav>
    <div
      class="container mt-4"
    >
      <h1
        class="mb-3"
      >
        User list
      </h1>
      <div
        class="spinner mx-auto"
      >
        <div
          aria-busy="true"
          class=""
        >
          <svg
            aria-label="audio-loading"
            fill="#157FFB"
            height="40"
            viewBox="0 0 135 140"
            width="40"
            xmlns="http://www.w3.org/2000/svg"
          >
            <rect
              height="120"
              rx="6"
              width="15"
              y="10"
            >
              <animate
                attributeName="height"
                begin="0.5s"
                calcMode="linear"
                dur="1s"
                repeatCount="indefinite"
                values="120;110;100;90;80;70;60;50;40;140;120"
              />
              <animate
                attributeName="y"
                begin="0.5s"
                calcMode="linear"
                dur="1s"
                repeatCount="indefinite"
                values="10;15;20;25;30;35;40;45;50;0;10"
              />
            </rect>
            <rect
              height="120"
              rx="6"
              width="15"
              x="30"
              y="10"
            >
              <animate
                attributeName="height"
                begin="0.25s"
                calcMode="linear"
                dur="1s"
                repeatCount="indefinite"
                values="120;110;100;90;80;70;60;50;40;140;120"
              />
              <animate
                attributeName="y"
                begin="0.25s"
                calcMode="linear"
                dur="1s"
                repeatCount="indefinite"
                values="10;15;20;25;30;35;40;45;50;0;10"
              />
            </rect>
            <rect
              height="140"
              rx="6"
              width="15"
              x="60"
            >
              <animate
                attributeName="height"
                begin="0s"
                calcMode="linear"
                dur="1s"
                repeatCount="indefinite"
                values="120;110;100;90;80;70;60;50;40;140;120"
              />
              <animate
                attributeName="y"
                begin="0s"
                calcMode="linear"
                dur="1s"
                repeatCount="indefinite"
                values="10;15;20;25;30;35;40;45;50;0;10"
              />
            </rect>
            <rect
              height="120"
              rx="6"
              width="15"
              x="90"
              y="10"
            >
              <animate
                attributeName="height"
                begin="0.25s"
                calcMode="linear"
                dur="1s"
                repeatCount="indefinite"
                values="120;110;100;90;80;70;60;50;40;140;120"
              />
              <animate
                attributeName="y"
                begin="0.25s"
                calcMode="linear"
                dur="1s"
                repeatCount="indefinite"
                values="10;15;20;25;30;35;40;45;50;0;10"
              />
            </rect>
            <rect
              height="120"
              rx="6"
              width="15"
              x="120"
              y="10"
            >
              <animate
                attributeName="height"
                begin="0.5s"
                calcMode="linear"
                dur="1s"
                repeatCount="indefinite"
                values="120;110;100;90;80;70;60;50;40;140;120"
              />
              <animate
                attributeName="y"
                begin="0.5s"
                calcMode="linear"
                dur="1s"
                repeatCount="indefinite"
                values="10;15;20;25;30;35;40;45;50;0;10"
              />
            </rect>
          </svg>
        </div>
      </div>
    </div>
  </div>
</DocumentFragment>
`;
