// Jest Snapshot v1, https://goo.gl/fbAQLP

exports[`Edit User page Edit user page is rendered 1`] = `
<DocumentFragment>
  <div>
    <nav
      class="navbar navbar-dark bg-primary justify-content-start"
    >
      <span
        class="navbar-brand mb-0 h1"
      >
        UserList
      </span>
      <div
        class="navbar-nav"
      >
        <a
          class="nav-item nav-link active"
          href="/"
        >
          Home
        </a>
      </div>
    </nav>
    <nav
      aria-label="breadcrumb"
    >
      <ol
        class="breadcrumb"
      >
        <li
          class="breadcrumb-item"
        >
          <a
            href="/"
          >
            Home
          </a>
        </li>
        <li
          aria-current="page"
          class="breadcrumb-item active"
          data-testid="path item"
        >
          Edit user
        </li>
        <li
          aria-current="page"
          class="breadcrumb-item active"
          data-testid="path item"
        >
          mockename surname
        </li>
      </ol>
    </nav>
    <div
      class="container mt-4"
    >
      <h1
        class="mb-3"
      >
        Edit user
      </h1>
      <div>
        <form
          action="#"
          data-testid="form"
        >
          <div
            class="form-group"
          >
            <label
              for="name"
            >
              Name
            </label>
            <input
              class="form-control form-control"
              id="name"
              name="name"
              type="text"
              value="mockename"
            />
          </div>
          <div
            class="form-group"
          >
            <label
              for="surname"
            >
              Surname
            </label>
            <input
              class="form-control form-control"
              id="surname"
              name="surname"
              type="text"
              value="surname"
            />
          </div>
          <div
            class="form-group"
          >
            <label
              for="email"
            >
              Email
            </label>
            <input
              class="form-control form-control"
              id="email"
              name="email"
              type="text"
              value="kk@kk.r"
            />
          </div>
          <div
            class="form-group"
          >
            <label
              for="age"
            >
              Age
            </label>
            <input
              class="form-control form-control"
              id="age"
              name="age"
              type="number"
              value="1"
            />
          </div>
          <div
            class="d-flex justify-content-between mt-4"
          >
            <button
              class="btn btn-primary w-25"
              data-testid="success-button"
              disabled=""
              type="submit"
            >
              Save
            </button>
            <a
              class="btn btn-dark w-25"
              href="/"
            >
              Go back
            </a>
          </div>
        </form>
      </div>
    </div>
  </div>
</DocumentFragment>
`;
